Archive member included to satisfy reference by file (symbol)

c:/program files (x86)/atmel/studio/7.0/toolchain/avr8/avr8-gnu-toolchain/bin/../lib/gcc/avr/5.4.0/../../../../avr/lib/avr5\libm.a(fixunssfsi.o)
                              src/ECU/sensors.o (__fixunssfsi)
c:/program files (x86)/atmel/studio/7.0/toolchain/avr8/avr8-gnu-toolchain/bin/../lib/gcc/avr/5.4.0/../../../../avr/lib/avr5\libm.a(floatsisf.o)
                              src/ECU/sensors.o (__floatunsisf)
c:/program files (x86)/atmel/studio/7.0/toolchain/avr8/avr8-gnu-toolchain/bin/../lib/gcc/avr/5.4.0/../../../../avr/lib/avr5\libm.a(fp_split3.o)
                              c:/program files (x86)/atmel/studio/7.0/toolchain/avr8/avr8-gnu-toolchain/bin/../lib/gcc/avr/5.4.0/../../../../avr/lib/avr5\libm.a(fixunssfsi.o) (__fp_splitA)
c:/program files (x86)/atmel/studio/7.0/toolchain/avr8/avr8-gnu-toolchain/bin/../lib/gcc/avr/5.4.0/../../../../avr/lib/avr5\libm.a(fp_zero.o)
                              c:/program files (x86)/atmel/studio/7.0/toolchain/avr8/avr8-gnu-toolchain/bin/../lib/gcc/avr/5.4.0/../../../../avr/lib/avr5\libm.a(fixunssfsi.o) (__fp_zero)
c:/program files (x86)/atmel/studio/7.0/toolchain/avr8/avr8-gnu-toolchain/bin/../lib/gcc/avr/5.4.0/../../../../avr/lib/avr5\libm.a(mulsf3.o)
                              src/ECU/sensors.o (__mulsf3)
c:/program files (x86)/atmel/studio/7.0/toolchain/avr8/avr8-gnu-toolchain/bin/../lib/gcc/avr/5.4.0/../../../../avr/lib/avr5\libm.a(mulsf3x.o)
                              c:/program files (x86)/atmel/studio/7.0/toolchain/avr8/avr8-gnu-toolchain/bin/../lib/gcc/avr/5.4.0/../../../../avr/lib/avr5\libm.a(mulsf3.o) (__mulsf3x)
c:/program files (x86)/atmel/studio/7.0/toolchain/avr8/avr8-gnu-toolchain/bin/../lib/gcc/avr/5.4.0/../../../../avr/lib/avr5\libm.a(fp_inf.o)
                              c:/program files (x86)/atmel/studio/7.0/toolchain/avr8/avr8-gnu-toolchain/bin/../lib/gcc/avr/5.4.0/../../../../avr/lib/avr5\libm.a(mulsf3x.o) (__fp_inf)
c:/program files (x86)/atmel/studio/7.0/toolchain/avr8/avr8-gnu-toolchain/bin/../lib/gcc/avr/5.4.0/../../../../avr/lib/avr5\libm.a(fp_nan.o)
                              c:/program files (x86)/atmel/studio/7.0/toolchain/avr8/avr8-gnu-toolchain/bin/../lib/gcc/avr/5.4.0/../../../../avr/lib/avr5\libm.a(mulsf3x.o) (__fp_nan)
c:/program files (x86)/atmel/studio/7.0/toolchain/avr8/avr8-gnu-toolchain/bin/../lib/gcc/avr/5.4.0/../../../../avr/lib/avr5\libm.a(fp_pscA.o)
                              c:/program files (x86)/atmel/studio/7.0/toolchain/avr8/avr8-gnu-toolchain/bin/../lib/gcc/avr/5.4.0/../../../../avr/lib/avr5\libm.a(mulsf3x.o) (__fp_pscA)
c:/program files (x86)/atmel/studio/7.0/toolchain/avr8/avr8-gnu-toolchain/bin/../lib/gcc/avr/5.4.0/../../../../avr/lib/avr5\libm.a(fp_pscB.o)
                              c:/program files (x86)/atmel/studio/7.0/toolchain/avr8/avr8-gnu-toolchain/bin/../lib/gcc/avr/5.4.0/../../../../avr/lib/avr5\libm.a(mulsf3x.o) (__fp_pscB)
c:/program files (x86)/atmel/studio/7.0/toolchain/avr8/avr8-gnu-toolchain/bin/../lib/gcc/avr/5.4.0/../../../../avr/lib/avr5\libm.a(fp_round.o)
                              c:/program files (x86)/atmel/studio/7.0/toolchain/avr8/avr8-gnu-toolchain/bin/../lib/gcc/avr/5.4.0/../../../../avr/lib/avr5\libm.a(mulsf3.o) (__fp_round)
c:/program files (x86)/atmel/studio/7.0/toolchain/avr8/avr8-gnu-toolchain/bin/../lib/gcc/avr/5.4.0/avr5\libgcc.a(_divmodsi4.o)
                              FreeRTOS/Src/integer.o (__divmodsi4)
c:/program files (x86)/atmel/studio/7.0/toolchain/avr8/avr8-gnu-toolchain/bin/../lib/gcc/avr/5.4.0/avr5\libgcc.a(_negsi2.o)
                              c:/program files (x86)/atmel/studio/7.0/toolchain/avr8/avr8-gnu-toolchain/bin/../lib/gcc/avr/5.4.0/avr5\libgcc.a(_divmodsi4.o) (__negsi2)
c:/program files (x86)/atmel/studio/7.0/toolchain/avr8/avr8-gnu-toolchain/bin/../lib/gcc/avr/5.4.0/avr5\libgcc.a(_exit.o)
                              C:/Program Files (x86)/Atmel/Studio/7.0/Packs/atmel/ATmega_DFP/1.2.132/gcc/dev/atmega32/avr5/crtatmega32.o (exit)
c:/program files (x86)/atmel/studio/7.0/toolchain/avr8/avr8-gnu-toolchain/bin/../lib/gcc/avr/5.4.0/avr5\libgcc.a(_copy_data.o)
                              FreeRTOS/Src/integer.o (__do_copy_data)
c:/program files (x86)/atmel/studio/7.0/toolchain/avr8/avr8-gnu-toolchain/bin/../lib/gcc/avr/5.4.0/avr5\libgcc.a(_clear_bss.o)
                              FreeRTOS/Src/croutine.o (__do_clear_bss)
c:/program files (x86)/atmel/studio/7.0/toolchain/avr8/avr8-gnu-toolchain/bin/../lib/gcc/avr/5.4.0/avr5\libgcc.a(_umulhisi3.o)
                              src/ECU/sensors.o (__umulhisi3)
c:/program files (x86)/atmel/studio/7.0/toolchain/avr8/avr8-gnu-toolchain/bin/../lib/gcc/avr/5.4.0/avr5\libgcc.a(_udivmodsi4.o)
                              c:/program files (x86)/atmel/studio/7.0/toolchain/avr8/avr8-gnu-toolchain/bin/../lib/gcc/avr/5.4.0/avr5\libgcc.a(_divmodsi4.o) (__udivmodsi4)
c:/program files (x86)/atmel/studio/7.0/toolchain/avr8/avr8-gnu-toolchain/bin/../lib/gcc/avr/5.4.0/../../../../avr/lib/avr5\libc.a(atoi.o)
                              main.o (atoi)
c:/program files (x86)/atmel/studio/7.0/toolchain/avr8/avr8-gnu-toolchain/bin/../lib/gcc/avr/5.4.0/../../../../avr/lib/avr5\libc.a(memcpy.o)
                              FreeRTOS/Src/queue.o (memcpy)
c:/program files (x86)/atmel/studio/7.0/toolchain/avr8/avr8-gnu-toolchain/bin/../lib/gcc/avr/5.4.0/../../../../avr/lib/avr5\libc.a(itoa_ncheck.o)
                              src/ECU/lcd.o (__itoa_ncheck)
c:/program files (x86)/atmel/studio/7.0/toolchain/avr8/avr8-gnu-toolchain/bin/../lib/gcc/avr/5.4.0/../../../../avr/lib/avr5\libc.a(mul10.o)
                              c:/program files (x86)/atmel/studio/7.0/toolchain/avr8/avr8-gnu-toolchain/bin/../lib/gcc/avr/5.4.0/../../../../avr/lib/avr5\libc.a(atoi.o) (__mulhi_const_10)
c:/program files (x86)/atmel/studio/7.0/toolchain/avr8/avr8-gnu-toolchain/bin/../lib/gcc/avr/5.4.0/../../../../avr/lib/avr5\libc.a(utoa_ncheck.o)
                              c:/program files (x86)/atmel/studio/7.0/toolchain/avr8/avr8-gnu-toolchain/bin/../lib/gcc/avr/5.4.0/../../../../avr/lib/avr5\libc.a(itoa_ncheck.o) (__utoa_common)
c:/program files (x86)/atmel/studio/7.0/toolchain/avr8/avr8-gnu-toolchain/bin/../lib/gcc/avr/5.4.0/../../../../avr/lib/avr5\libc.a(strrev.o)
                              c:/program files (x86)/atmel/studio/7.0/toolchain/avr8/avr8-gnu-toolchain/bin/../lib/gcc/avr/5.4.0/../../../../avr/lib/avr5\libc.a(utoa_ncheck.o) (strrev)

Allocating common symbols
Common symbol       size              file

bsCheck             0x2               main.o
SFS                 0x5               main.o
ebDisplayBits       0x2               main.o
Motors_State        0x3               main.o
ebControlBits       0x2               main.o

Discarded input sections

 .data          0x00000000        0x0 C:/Program Files (x86)/Atmel/Studio/7.0/Packs/atmel/ATmega_DFP/1.2.132/gcc/dev/atmega32/avr5/crtatmega32.o
 .bss           0x00000000        0x0 C:/Program Files (x86)/Atmel/Studio/7.0/Packs/atmel/ATmega_DFP/1.2.132/gcc/dev/atmega32/avr5/crtatmega32.o
 .text          0x00000000        0x0 FreeRTOS/Src/croutine.o
 .data          0x00000000        0x0 FreeRTOS/Src/croutine.o
 .bss           0x00000000        0x0 FreeRTOS/Src/croutine.o
 .text.xCoRoutineCreate
                0x00000000       0xf0 FreeRTOS/Src/croutine.o
 .text.vCoRoutineAddToDelayedList
                0x00000000       0x86 FreeRTOS/Src/croutine.o
 .text.vCoRoutineSchedule
                0x00000000      0x274 FreeRTOS/Src/croutine.o
 .text.xCoRoutineRemoveFromEventList
                0x00000000       0x4a FreeRTOS/Src/croutine.o
 .bss.xPassedTicks
                0x00000000        0x2 FreeRTOS/Src/croutine.o
 .bss.xLastTickCount
                0x00000000        0x2 FreeRTOS/Src/croutine.o
 .bss.xCoRoutineTickCount
                0x00000000        0x2 FreeRTOS/Src/croutine.o
 .bss.uxTopCoRoutineReadyPriority
                0x00000000        0x1 FreeRTOS/Src/croutine.o
 .bss.pxCurrentCoRoutine
                0x00000000        0x2 FreeRTOS/Src/croutine.o
 .bss.xPendingReadyCoRoutineList
                0x00000000        0x9 FreeRTOS/Src/croutine.o
 .bss.pxOverflowDelayedCoRoutineList
                0x00000000        0x2 FreeRTOS/Src/croutine.o
 .bss.pxDelayedCoRoutineList
                0x00000000        0x2 FreeRTOS/Src/croutine.o
 .bss.xDelayedCoRoutineList2
                0x00000000        0x9 FreeRTOS/Src/croutine.o
 .bss.xDelayedCoRoutineList1
                0x00000000        0x9 FreeRTOS/Src/croutine.o
 .bss.pxReadyCoRoutineLists
                0x00000000       0x12 FreeRTOS/Src/croutine.o
 .debug_info    0x00000000      0x77d FreeRTOS/Src/croutine.o
 .debug_abbrev  0x00000000      0x219 FreeRTOS/Src/croutine.o
 .debug_loc     0x00000000      0x3eb FreeRTOS/Src/croutine.o
 .debug_aranges
                0x00000000       0x38 FreeRTOS/Src/croutine.o
 .debug_ranges  0x00000000       0x28 FreeRTOS/Src/croutine.o
 .debug_line    0x00000000      0x326 FreeRTOS/Src/croutine.o
 .debug_str     0x00000000      0x558 FreeRTOS/Src/croutine.o
 .comment       0x00000000       0x31 FreeRTOS/Src/croutine.o
 .debug_frame   0x00000000       0xc0 FreeRTOS/Src/croutine.o
 .text          0x00000000        0x0 FreeRTOS/Src/event_groups.o
 .data          0x00000000        0x0 FreeRTOS/Src/event_groups.o
 .bss           0x00000000        0x0 FreeRTOS/Src/event_groups.o
 .text.xEventGroupGetBitsFromISR
                0x00000000        0x8 FreeRTOS/Src/event_groups.o
 .text.xEventGroupSync
                0x00000000       0xd2 FreeRTOS/Src/event_groups.o
 .text.vEventGroupDelete
                0x00000000       0x32 FreeRTOS/Src/event_groups.o
 .text.vEventGroupSetBitsCallback
                0x00000000        0x8 FreeRTOS/Src/event_groups.o
 .text.vEventGroupClearBitsCallback
                0x00000000        0x8 FreeRTOS/Src/event_groups.o
 .text          0x00000000        0x0 FreeRTOS/Src/heap_1.o
 .data          0x00000000        0x0 FreeRTOS/Src/heap_1.o
 .bss           0x00000000        0x0 FreeRTOS/Src/heap_1.o
 .text.vPortInitialiseBlocks
                0x00000000        0xa FreeRTOS/Src/heap_1.o
 .text.xPortGetFreeHeapSize
                0x00000000       0x12 FreeRTOS/Src/heap_1.o
 .text          0x00000000        0x0 FreeRTOS/Src/integer.o
 .data          0x00000000        0x0 FreeRTOS/Src/integer.o
 .bss           0x00000000        0x0 FreeRTOS/Src/integer.o
 .text.vCompeteingIntMathTask
                0x00000000       0xd4 FreeRTOS/Src/integer.o
 .rodata.str1.1
                0x00000000        0x8 FreeRTOS/Src/integer.o
 .text.vStartIntegerMathTasks
                0x00000000       0x40 FreeRTOS/Src/integer.o
 .text.xAreIntegerMathsTaskStillRunning
                0x00000000       0x12 FreeRTOS/Src/integer.o
 .bss.xTaskCheck
                0x00000000        0x1 FreeRTOS/Src/integer.o
 .debug_info    0x00000000      0x210 FreeRTOS/Src/integer.o
 .debug_abbrev  0x00000000      0x109 FreeRTOS/Src/integer.o
 .debug_loc     0x00000000      0x1cd FreeRTOS/Src/integer.o
 .debug_aranges
                0x00000000       0x30 FreeRTOS/Src/integer.o
 .debug_ranges  0x00000000       0x20 FreeRTOS/Src/integer.o
 .debug_line    0x00000000      0x10b FreeRTOS/Src/integer.o
 .debug_str     0x00000000      0x26e FreeRTOS/Src/integer.o
 .comment       0x00000000       0x31 FreeRTOS/Src/integer.o
 .debug_frame   0x00000000       0x78 FreeRTOS/Src/integer.o
 .text          0x00000000        0x0 FreeRTOS/Src/list.o
 .data          0x00000000        0x0 FreeRTOS/Src/list.o
 .bss           0x00000000        0x0 FreeRTOS/Src/list.o
 .text          0x00000000        0x0 FreeRTOS/Src/PollQ.o
 .data          0x00000000        0x0 FreeRTOS/Src/PollQ.o
 .bss           0x00000000        0x0 FreeRTOS/Src/PollQ.o
 .text.vPolledQueueProducer
                0x00000000       0x66 FreeRTOS/Src/PollQ.o
 .text.vPolledQueueConsumer
                0x00000000       0x7e FreeRTOS/Src/PollQ.o
 .rodata.str1.1
                0x00000000       0x10 FreeRTOS/Src/PollQ.o
 .text.vStartPolledQueueTasks
                0x00000000       0x6c FreeRTOS/Src/PollQ.o
 .text.xArePollingQueuesStillRunning
                0x00000000       0x22 FreeRTOS/Src/PollQ.o
 .bss.xPolledQueue.2092
                0x00000000        0x2 FreeRTOS/Src/PollQ.o
 .bss.xPollingProducerCount
                0x00000000        0x1 FreeRTOS/Src/PollQ.o
 .bss.xPollingConsumerCount
                0x00000000        0x1 FreeRTOS/Src/PollQ.o
 .debug_info    0x00000000      0x3bd FreeRTOS/Src/PollQ.o
 .debug_abbrev  0x00000000      0x106 FreeRTOS/Src/PollQ.o
 .debug_loc     0x00000000      0x262 FreeRTOS/Src/PollQ.o
 .debug_aranges
                0x00000000       0x38 FreeRTOS/Src/PollQ.o
 .debug_ranges  0x00000000       0x28 FreeRTOS/Src/PollQ.o
 .debug_line    0x00000000      0x207 FreeRTOS/Src/PollQ.o
 .debug_str     0x00000000      0x32d FreeRTOS/Src/PollQ.o
 .comment       0x00000000       0x31 FreeRTOS/Src/PollQ.o
 .debug_frame   0x00000000       0x9c FreeRTOS/Src/PollQ.o
 .text          0x00000000        0x0 FreeRTOS/Src/port.o
 .data          0x00000000        0x0 FreeRTOS/Src/port.o
 .bss           0x00000000        0x0 FreeRTOS/Src/port.o
 .text.vPortEndScheduler
                0x00000000        0x2 FreeRTOS/Src/port.o
 .text          0x00000000        0x0 FreeRTOS/Src/queue.o
 .data          0x00000000        0x0 FreeRTOS/Src/queue.o
 .bss           0x00000000        0x0 FreeRTOS/Src/queue.o
 .text.xQueueGenericSendFromISR
                0x00000000       0x80 FreeRTOS/Src/queue.o
 .text.xQueueReceiveFromISR
                0x00000000       0x66 FreeRTOS/Src/queue.o
 .text.xQueuePeekFromISR
                0x00000000       0x2e FreeRTOS/Src/queue.o
 .text.uxQueueMessagesWaiting
                0x00000000       0x10 FreeRTOS/Src/queue.o
 .text.uxQueueSpacesAvailable
                0x00000000       0x14 FreeRTOS/Src/queue.o
 .text.uxQueueMessagesWaitingFromISR
                0x00000000        0x6 FreeRTOS/Src/queue.o
 .text.vQueueDelete
                0x00000000       0x1e FreeRTOS/Src/queue.o
 .text.xQueueIsQueueEmptyFromISR
                0x00000000        0xc FreeRTOS/Src/queue.o
 .text.xQueueIsQueueFullFromISR
                0x00000000        0xe FreeRTOS/Src/queue.o
 .text.xQueueCRSend
                0x00000000       0x72 FreeRTOS/Src/queue.o
 .text.xQueueCRReceive
                0x00000000       0x92 FreeRTOS/Src/queue.o
 .text.xQueueCRSendFromISR
                0x00000000       0x48 FreeRTOS/Src/queue.o
 .text.xQueueCRReceiveFromISR
                0x00000000       0x82 FreeRTOS/Src/queue.o
 .text          0x00000000        0x0 FreeRTOS/Src/tasks.o
 .data          0x00000000        0x0 FreeRTOS/Src/tasks.o
 .bss           0x00000000        0x0 FreeRTOS/Src/tasks.o
 .text.vTaskDelete
                0x00000000       0x8e FreeRTOS/Src/tasks.o
 .text.vTaskEndScheduler
                0x00000000        0xc FreeRTOS/Src/tasks.o
 .text.xTaskGetTickCount
                0x00000000       0x14 FreeRTOS/Src/tasks.o
 .text.xTaskGetTickCountFromISR
                0x00000000        0xa FreeRTOS/Src/tasks.o
 .text.uxTaskGetNumberOfTasks
                0x00000000        0x6 FreeRTOS/Src/tasks.o
 .text          0x00000000        0x0 main.o
 .data          0x00000000        0x0 main.o
 .bss           0x00000000        0x0 main.o
 .text          0x00000000        0x0 src/ECU/lcd.o
 .data          0x00000000        0x0 src/ECU/lcd.o
 .bss           0x00000000        0x0 src/ECU/lcd.o
 .text.LCD_displayStringRowColumn
                0x00000000       0x16 src/ECU/lcd.o
 .text          0x00000000        0x0 src/ECU/sensors.o
 .data          0x00000000        0x0 src/ECU/sensors.o
 .bss           0x00000000        0x0 src/ECU/sensors.o
 .text          0x00000000        0x0 src/MCAL/adc.o
 .data          0x00000000        0x0 src/MCAL/adc.o
 .bss           0x00000000        0x0 src/MCAL/adc.o
 .text          0x00000000        0x0 src/MCAL/uart.o
 .data          0x00000000        0x0 src/MCAL/uart.o
 .bss           0x00000000        0x0 src/MCAL/uart.o
 .text.UART_recieveByte
                0x00000000        0x8 src/MCAL/uart.o
 .text.UART_receiveString
                0x00000000       0x42 src/MCAL/uart.o
 .text          0x00000000        0x0 c:/program files (x86)/atmel/studio/7.0/toolchain/avr8/avr8-gnu-toolchain/bin/../lib/gcc/avr/5.4.0/../../../../avr/lib/avr5\libm.a(fixunssfsi.o)
 .data          0x00000000        0x0 c:/program files (x86)/atmel/studio/7.0/toolchain/avr8/avr8-gnu-toolchain/bin/../lib/gcc/avr/5.4.0/../../../../avr/lib/avr5\libm.a(fixunssfsi.o)
 .bss           0x00000000        0x0 c:/program files (x86)/atmel/studio/7.0/toolchain/avr8/avr8-gnu-toolchain/bin/../lib/gcc/avr/5.4.0/../../../../avr/lib/avr5\libm.a(fixunssfsi.o)
 .text          0x00000000        0x0 c:/program files (x86)/atmel/studio/7.0/toolchain/avr8/avr8-gnu-toolchain/bin/../lib/gcc/avr/5.4.0/../../../../avr/lib/avr5\libm.a(floatsisf.o)
 .data          0x00000000        0x0 c:/program files (x86)/atmel/studio/7.0/toolchain/avr8/avr8-gnu-toolchain/bin/../lib/gcc/avr/5.4.0/../../../../avr/lib/avr5\libm.a(floatsisf.o)
 .bss           0x00000000        0x0 c:/program files (x86)/atmel/studio/7.0/toolchain/avr8/avr8-gnu-toolchain/bin/../lib/gcc/avr/5.4.0/../../../../avr/lib/avr5\libm.a(floatsisf.o)
 .text          0x00000000        0x0 c:/program files (x86)/atmel/studio/7.0/toolchain/avr8/avr8-gnu-toolchain/bin/../lib/gcc/avr/5.4.0/../../../../avr/lib/avr5\libm.a(fp_split3.o)
 .data          0x00000000        0x0 c:/program files (x86)/atmel/studio/7.0/toolchain/avr8/avr8-gnu-toolchain/bin/../lib/gcc/avr/5.4.0/../../../../avr/lib/avr5\libm.a(fp_split3.o)
 .bss           0x00000000        0x0 c:/program files (x86)/atmel/studio/7.0/toolchain/avr8/avr8-gnu-toolchain/bin/../lib/gcc/avr/5.4.0/../../../../avr/lib/avr5\libm.a(fp_split3.o)
 .text          0x00000000        0x0 c:/program files (x86)/atmel/studio/7.0/toolchain/avr8/avr8-gnu-toolchain/bin/../lib/gcc/avr/5.4.0/../../../../avr/lib/avr5\libm.a(fp_zero.o)
 .data          0x00000000        0x0 c:/program files (x86)/atmel/studio/7.0/toolchain/avr8/avr8-gnu-toolchain/bin/../lib/gcc/avr/5.4.0/../../../../avr/lib/avr5\libm.a(fp_zero.o)
 .bss           0x00000000        0x0 c:/program files (x86)/atmel/studio/7.0/toolchain/avr8/avr8-gnu-toolchain/bin/../lib/gcc/avr/5.4.0/../../../../avr/lib/avr5\libm.a(fp_zero.o)
 .text          0x00000000        0x0 c:/program files (x86)/atmel/studio/7.0/toolchain/avr8/avr8-gnu-toolchain/bin/../lib/gcc/avr/5.4.0/../../../../avr/lib/avr5\libm.a(mulsf3.o)
 .data          0x00000000        0x0 c:/program files (x86)/atmel/studio/7.0/toolchain/avr8/avr8-gnu-toolchain/bin/../lib/gcc/avr/5.4.0/../../../../avr/lib/avr5\libm.a(mulsf3.o)
 .bss           0x00000000        0x0 c:/program files (x86)/atmel/studio/7.0/toolchain/avr8/avr8-gnu-toolchain/bin/../lib/gcc/avr/5.4.0/../../../../avr/lib/avr5\libm.a(mulsf3.o)
 .text          0x00000000        0x0 c:/program files (x86)/atmel/studio/7.0/toolchain/avr8/avr8-gnu-toolchain/bin/../lib/gcc/avr/5.4.0/../../../../avr/lib/avr5\libm.a(mulsf3x.o)
 .data          0x00000000        0x0 c:/program files (x86)/atmel/studio/7.0/toolchain/avr8/avr8-gnu-toolchain/bin/../lib/gcc/avr/5.4.0/../../../../avr/lib/avr5\libm.a(mulsf3x.o)
 .bss           0x00000000        0x0 c:/program files (x86)/atmel/studio/7.0/toolchain/avr8/avr8-gnu-toolchain/bin/../lib/gcc/avr/5.4.0/../../../../avr/lib/avr5\libm.a(mulsf3x.o)
 .text          0x00000000        0x0 c:/program files (x86)/atmel/studio/7.0/toolchain/avr8/avr8-gnu-toolchain/bin/../lib/gcc/avr/5.4.0/../../../../avr/lib/avr5\libm.a(fp_inf.o)
 .data          0x00000000        0x0 c:/program files (x86)/atmel/studio/7.0/toolchain/avr8/avr8-gnu-toolchain/bin/../lib/gcc/avr/5.4.0/../../../../avr/lib/avr5\libm.a(fp_inf.o)
 .bss           0x00000000        0x0 c:/program files (x86)/atmel/studio/7.0/toolchain/avr8/avr8-gnu-toolchain/bin/../lib/gcc/avr/5.4.0/../../../../avr/lib/avr5\libm.a(fp_inf.o)
 .text          0x00000000        0x0 c:/program files (x86)/atmel/studio/7.0/toolchain/avr8/avr8-gnu-toolchain/bin/../lib/gcc/avr/5.4.0/../../../../avr/lib/avr5\libm.a(fp_nan.o)
 .data          0x00000000        0x0 c:/program files (x86)/atmel/studio/7.0/toolchain/avr8/avr8-gnu-toolchain/bin/../lib/gcc/avr/5.4.0/../../../../avr/lib/avr5\libm.a(fp_nan.o)
 .bss           0x00000000        0x0 c:/program files (x86)/atmel/studio/7.0/toolchain/avr8/avr8-gnu-toolchain/bin/../lib/gcc/avr/5.4.0/../../../../avr/lib/avr5\libm.a(fp_nan.o)
 .text          0x00000000        0x0 c:/program files (x86)/atmel/studio/7.0/toolchain/avr8/avr8-gnu-toolchain/bin/../lib/gcc/avr/5.4.0/../../../../avr/lib/avr5\libm.a(fp_pscA.o)
 .data          0x00000000        0x0 c:/program files (x86)/atmel/studio/7.0/toolchain/avr8/avr8-gnu-toolchain/bin/../lib/gcc/avr/5.4.0/../../../../avr/lib/avr5\libm.a(fp_pscA.o)
 .bss           0x00000000        0x0 c:/program files (x86)/atmel/studio/7.0/toolchain/avr8/avr8-gnu-toolchain/bin/../lib/gcc/avr/5.4.0/../../../../avr/lib/avr5\libm.a(fp_pscA.o)
 .text          0x00000000        0x0 c:/program files (x86)/atmel/studio/7.0/toolchain/avr8/avr8-gnu-toolchain/bin/../lib/gcc/avr/5.4.0/../../../../avr/lib/avr5\libm.a(fp_pscB.o)
 .data          0x00000000        0x0 c:/program files (x86)/atmel/studio/7.0/toolchain/avr8/avr8-gnu-toolchain/bin/../lib/gcc/avr/5.4.0/../../../../avr/lib/avr5\libm.a(fp_pscB.o)
 .bss           0x00000000        0x0 c:/program files (x86)/atmel/studio/7.0/toolchain/avr8/avr8-gnu-toolchain/bin/../lib/gcc/avr/5.4.0/../../../../avr/lib/avr5\libm.a(fp_pscB.o)
 .text          0x00000000        0x0 c:/program files (x86)/atmel/studio/7.0/toolchain/avr8/avr8-gnu-toolchain/bin/../lib/gcc/avr/5.4.0/../../../../avr/lib/avr5\libm.a(fp_round.o)
 .data          0x00000000        0x0 c:/program files (x86)/atmel/studio/7.0/toolchain/avr8/avr8-gnu-toolchain/bin/../lib/gcc/avr/5.4.0/../../../../avr/lib/avr5\libm.a(fp_round.o)
 .bss           0x00000000        0x0 c:/program files (x86)/atmel/studio/7.0/toolchain/avr8/avr8-gnu-toolchain/bin/../lib/gcc/avr/5.4.0/../../../../avr/lib/avr5\libm.a(fp_round.o)
 .text          0x00000000        0x0 c:/program files (x86)/atmel/studio/7.0/toolchain/avr8/avr8-gnu-toolchain/bin/../lib/gcc/avr/5.4.0/avr5\libgcc.a(_divmodsi4.o)
 .data          0x00000000        0x0 c:/program files (x86)/atmel/studio/7.0/toolchain/avr8/avr8-gnu-toolchain/bin/../lib/gcc/avr/5.4.0/avr5\libgcc.a(_divmodsi4.o)
 .bss           0x00000000        0x0 c:/program files (x86)/atmel/studio/7.0/toolchain/avr8/avr8-gnu-toolchain/bin/../lib/gcc/avr/5.4.0/avr5\libgcc.a(_divmodsi4.o)
 .text.libgcc.mul
                0x00000000        0x0 c:/program files (x86)/atmel/studio/7.0/toolchain/avr8/avr8-gnu-toolchain/bin/../lib/gcc/avr/5.4.0/avr5\libgcc.a(_divmodsi4.o)
 .text.libgcc.div
                0x00000000       0x2e c:/program files (x86)/atmel/studio/7.0/toolchain/avr8/avr8-gnu-toolchain/bin/../lib/gcc/avr/5.4.0/avr5\libgcc.a(_divmodsi4.o)
 .text.libgcc   0x00000000        0x0 c:/program files (x86)/atmel/studio/7.0/toolchain/avr8/avr8-gnu-toolchain/bin/../lib/gcc/avr/5.4.0/avr5\libgcc.a(_divmodsi4.o)
 .text.libgcc.prologue
                0x00000000        0x0 c:/program files (x86)/atmel/studio/7.0/toolchain/avr8/avr8-gnu-toolchain/bin/../lib/gcc/avr/5.4.0/avr5\libgcc.a(_divmodsi4.o)
 .text.libgcc.builtins
                0x00000000        0x0 c:/program files (x86)/atmel/studio/7.0/toolchain/avr8/avr8-gnu-toolchain/bin/../lib/gcc/avr/5.4.0/avr5\libgcc.a(_divmodsi4.o)
 .text.libgcc.fmul
                0x00000000        0x0 c:/program files (x86)/atmel/studio/7.0/toolchain/avr8/avr8-gnu-toolchain/bin/../lib/gcc/avr/5.4.0/avr5\libgcc.a(_divmodsi4.o)
 .text.libgcc.fixed
                0x00000000        0x0 c:/program files (x86)/atmel/studio/7.0/toolchain/avr8/avr8-gnu-toolchain/bin/../lib/gcc/avr/5.4.0/avr5\libgcc.a(_divmodsi4.o)
 .text          0x00000000        0x0 c:/program files (x86)/atmel/studio/7.0/toolchain/avr8/avr8-gnu-toolchain/bin/../lib/gcc/avr/5.4.0/avr5\libgcc.a(_negsi2.o)
 .data          0x00000000        0x0 c:/program files (x86)/atmel/studio/7.0/toolchain/avr8/avr8-gnu-toolchain/bin/../lib/gcc/avr/5.4.0/avr5\libgcc.a(_negsi2.o)
 .bss           0x00000000        0x0 c:/program files (x86)/atmel/studio/7.0/toolchain/avr8/avr8-gnu-toolchain/bin/../lib/gcc/avr/5.4.0/avr5\libgcc.a(_negsi2.o)
 .text.libgcc.mul
                0x00000000        0x0 c:/program files (x86)/atmel/studio/7.0/toolchain/avr8/avr8-gnu-toolchain/bin/../lib/gcc/avr/5.4.0/avr5\libgcc.a(_negsi2.o)
 .text.libgcc.div
                0x00000000       0x10 c:/program files (x86)/atmel/studio/7.0/toolchain/avr8/avr8-gnu-toolchain/bin/../lib/gcc/avr/5.4.0/avr5\libgcc.a(_negsi2.o)
 .text.libgcc   0x00000000        0x0 c:/program files (x86)/atmel/studio/7.0/toolchain/avr8/avr8-gnu-toolchain/bin/../lib/gcc/avr/5.4.0/avr5\libgcc.a(_negsi2.o)
 .text.libgcc.prologue
                0x00000000        0x0 c:/program files (x86)/atmel/studio/7.0/toolchain/avr8/avr8-gnu-toolchain/bin/../lib/gcc/avr/5.4.0/avr5\libgcc.a(_negsi2.o)
 .text.libgcc.builtins
                0x00000000        0x0 c:/program files (x86)/atmel/studio/7.0/toolchain/avr8/avr8-gnu-toolchain/bin/../lib/gcc/avr/5.4.0/avr5\libgcc.a(_negsi2.o)
 .text.libgcc.fmul
                0x00000000        0x0 c:/program files (x86)/atmel/studio/7.0/toolchain/avr8/avr8-gnu-toolchain/bin/../lib/gcc/avr/5.4.0/avr5\libgcc.a(_negsi2.o)
 .text.libgcc.fixed
                0x00000000        0x0 c:/program files (x86)/atmel/studio/7.0/toolchain/avr8/avr8-gnu-toolchain/bin/../lib/gcc/avr/5.4.0/avr5\libgcc.a(_negsi2.o)
 .text          0x00000000        0x0 c:/program files (x86)/atmel/studio/7.0/toolchain/avr8/avr8-gnu-toolchain/bin/../lib/gcc/avr/5.4.0/avr5\libgcc.a(_exit.o)
 .data          0x00000000        0x0 c:/program files (x86)/atmel/studio/7.0/toolchain/avr8/avr8-gnu-toolchain/bin/../lib/gcc/avr/5.4.0/avr5\libgcc.a(_exit.o)
 .bss           0x00000000        0x0 c:/program files (x86)/atmel/studio/7.0/toolchain/avr8/avr8-gnu-toolchain/bin/../lib/gcc/avr/5.4.0/avr5\libgcc.a(_exit.o)
 .text.libgcc.mul
                0x00000000        0x0 c:/program files (x86)/atmel/studio/7.0/toolchain/avr8/avr8-gnu-toolchain/bin/../lib/gcc/avr/5.4.0/avr5\libgcc.a(_exit.o)
 .text.libgcc.div
                0x00000000        0x0 c:/program files (x86)/atmel/studio/7.0/toolchain/avr8/avr8-gnu-toolchain/bin/../lib/gcc/avr/5.4.0/avr5\libgcc.a(_exit.o)
 .text.libgcc   0x00000000        0x0 c:/program files (x86)/atmel/studio/7.0/toolchain/avr8/avr8-gnu-toolchain/bin/../lib/gcc/avr/5.4.0/avr5\libgcc.a(_exit.o)
 .text.libgcc.prologue
                0x00000000        0x0 c:/program files (x86)/atmel/studio/7.0/toolchain/avr8/avr8-gnu-toolchain/bin/../lib/gcc/avr/5.4.0/avr5\libgcc.a(_exit.o)
 .text.libgcc.builtins
                0x00000000        0x0 c:/program files (x86)/atmel/studio/7.0/toolchain/avr8/avr8-gnu-toolchain/bin/../lib/gcc/avr/5.4.0/avr5\libgcc.a(_exit.o)
 .text.libgcc.fmul
                0x00000000        0x0 c:/program files (x86)/atmel/studio/7.0/toolchain/avr8/avr8-gnu-toolchain/bin/../lib/gcc/avr/5.4.0/avr5\libgcc.a(_exit.o)
 .text.libgcc.fixed
                0x00000000        0x0 c:/program files (x86)/atmel/studio/7.0/toolchain/avr8/avr8-gnu-toolchain/bin/../lib/gcc/avr/5.4.0/avr5\libgcc.a(_exit.o)
 .text          0x00000000        0x0 c:/program files (x86)/atmel/studio/7.0/toolchain/avr8/avr8-gnu-toolchain/bin/../lib/gcc/avr/5.4.0/avr5\libgcc.a(_copy_data.o)
 .data          0x00000000        0x0 c:/program files (x86)/atmel/studio/7.0/toolchain/avr8/avr8-gnu-toolchain/bin/../lib/gcc/avr/5.4.0/avr5\libgcc.a(_copy_data.o)
 .bss           0x00000000        0x0 c:/program files (x86)/atmel/studio/7.0/toolchain/avr8/avr8-gnu-toolchain/bin/../lib/gcc/avr/5.4.0/avr5\libgcc.a(_copy_data.o)
 .text.libgcc.mul
                0x00000000        0x0 c:/program files (x86)/atmel/studio/7.0/toolchain/avr8/avr8-gnu-toolchain/bin/../lib/gcc/avr/5.4.0/avr5\libgcc.a(_copy_data.o)
 .text.libgcc.div
                0x00000000        0x0 c:/program files (x86)/atmel/studio/7.0/toolchain/avr8/avr8-gnu-toolchain/bin/../lib/gcc/avr/5.4.0/avr5\libgcc.a(_copy_data.o)
 .text.libgcc   0x00000000        0x0 c:/program files (x86)/atmel/studio/7.0/toolchain/avr8/avr8-gnu-toolchain/bin/../lib/gcc/avr/5.4.0/avr5\libgcc.a(_copy_data.o)
 .text.libgcc.prologue
                0x00000000        0x0 c:/program files (x86)/atmel/studio/7.0/toolchain/avr8/avr8-gnu-toolchain/bin/../lib/gcc/avr/5.4.0/avr5\libgcc.a(_copy_data.o)
 .text.libgcc.builtins
                0x00000000        0x0 c:/program files (x86)/atmel/studio/7.0/toolchain/avr8/avr8-gnu-toolchain/bin/../lib/gcc/avr/5.4.0/avr5\libgcc.a(_copy_data.o)
 .text.libgcc.fmul
                0x00000000        0x0 c:/program files (x86)/atmel/studio/7.0/toolchain/avr8/avr8-gnu-toolchain/bin/../lib/gcc/avr/5.4.0/avr5\libgcc.a(_copy_data.o)
 .text.libgcc.fixed
                0x00000000        0x0 c:/program files (x86)/atmel/studio/7.0/toolchain/avr8/avr8-gnu-toolchain/bin/../lib/gcc/avr/5.4.0/avr5\libgcc.a(_copy_data.o)
 .text          0x00000000        0x0 c:/program files (x86)/atmel/studio/7.0/toolchain/avr8/avr8-gnu-toolchain/bin/../lib/gcc/avr/5.4.0/avr5\libgcc.a(_clear_bss.o)
 .data          0x00000000        0x0 c:/program files (x86)/atmel/studio/7.0/toolchain/avr8/avr8-gnu-toolchain/bin/../lib/gcc/avr/5.4.0/avr5\libgcc.a(_clear_bss.o)
 .bss           0x00000000        0x0 c:/program files (x86)/atmel/studio/7.0/toolchain/avr8/avr8-gnu-toolchain/bin/../lib/gcc/avr/5.4.0/avr5\libgcc.a(_clear_bss.o)
 .text.libgcc.mul
                0x00000000        0x0 c:/program files (x86)/atmel/studio/7.0/toolchain/avr8/avr8-gnu-toolchain/bin/../lib/gcc/avr/5.4.0/avr5\libgcc.a(_clear_bss.o)
 .text.libgcc.div
                0x00000000        0x0 c:/program files (x86)/atmel/studio/7.0/toolchain/avr8/avr8-gnu-toolchain/bin/../lib/gcc/avr/5.4.0/avr5\libgcc.a(_clear_bss.o)
 .text.libgcc   0x00000000        0x0 c:/program files (x86)/atmel/studio/7.0/toolchain/avr8/avr8-gnu-toolchain/bin/../lib/gcc/avr/5.4.0/avr5\libgcc.a(_clear_bss.o)
 .text.libgcc.prologue
                0x00000000        0x0 c:/program files (x86)/atmel/studio/7.0/toolchain/avr8/avr8-gnu-toolchain/bin/../lib/gcc/avr/5.4.0/avr5\libgcc.a(_clear_bss.o)
 .text.libgcc.builtins
                0x00000000        0x0 c:/program files (x86)/atmel/studio/7.0/toolchain/avr8/avr8-gnu-toolchain/bin/../lib/gcc/avr/5.4.0/avr5\libgcc.a(_clear_bss.o)
 .text.libgcc.fmul
                0x00000000        0x0 c:/program files (x86)/atmel/studio/7.0/toolchain/avr8/avr8-gnu-toolchain/bin/../lib/gcc/avr/5.4.0/avr5\libgcc.a(_clear_bss.o)
 .text.libgcc.fixed
                0x00000000        0x0 c:/program files (x86)/atmel/studio/7.0/toolchain/avr8/avr8-gnu-toolchain/bin/../lib/gcc/avr/5.4.0/avr5\libgcc.a(_clear_bss.o)
 .text          0x00000000        0x0 c:/program files (x86)/atmel/studio/7.0/toolchain/avr8/avr8-gnu-toolchain/bin/../lib/gcc/avr/5.4.0/avr5\libgcc.a(_umulhisi3.o)
 .data          0x00000000        0x0 c:/program files (x86)/atmel/studio/7.0/toolchain/avr8/avr8-gnu-toolchain/bin/../lib/gcc/avr/5.4.0/avr5\libgcc.a(_umulhisi3.o)
 .bss           0x00000000        0x0 c:/program files (x86)/atmel/studio/7.0/toolchain/avr8/avr8-gnu-toolchain/bin/../lib/gcc/avr/5.4.0/avr5\libgcc.a(_umulhisi3.o)
 .text.libgcc.div
                0x00000000        0x0 c:/program files (x86)/atmel/studio/7.0/toolchain/avr8/avr8-gnu-toolchain/bin/../lib/gcc/avr/5.4.0/avr5\libgcc.a(_umulhisi3.o)
 .text.libgcc   0x00000000        0x0 c:/program files (x86)/atmel/studio/7.0/toolchain/avr8/avr8-gnu-toolchain/bin/../lib/gcc/avr/5.4.0/avr5\libgcc.a(_umulhisi3.o)
 .text.libgcc.prologue
                0x00000000        0x0 c:/program files (x86)/atmel/studio/7.0/toolchain/avr8/avr8-gnu-toolchain/bin/../lib/gcc/avr/5.4.0/avr5\libgcc.a(_umulhisi3.o)
 .text.libgcc.builtins
                0x00000000        0x0 c:/program files (x86)/atmel/studio/7.0/toolchain/avr8/avr8-gnu-toolchain/bin/../lib/gcc/avr/5.4.0/avr5\libgcc.a(_umulhisi3.o)
 .text.libgcc.fmul
                0x00000000        0x0 c:/program files (x86)/atmel/studio/7.0/toolchain/avr8/avr8-gnu-toolchain/bin/../lib/gcc/avr/5.4.0/avr5\libgcc.a(_umulhisi3.o)
 .text.libgcc.fixed
                0x00000000        0x0 c:/program files (x86)/atmel/studio/7.0/toolchain/avr8/avr8-gnu-toolchain/bin/../lib/gcc/avr/5.4.0/avr5\libgcc.a(_umulhisi3.o)
 .text          0x00000000        0x0 c:/program files (x86)/atmel/studio/7.0/toolchain/avr8/avr8-gnu-toolchain/bin/../lib/gcc/avr/5.4.0/avr5\libgcc.a(_udivmodsi4.o)
 .data          0x00000000        0x0 c:/program files (x86)/atmel/studio/7.0/toolchain/avr8/avr8-gnu-toolchain/bin/../lib/gcc/avr/5.4.0/avr5\libgcc.a(_udivmodsi4.o)
 .bss           0x00000000        0x0 c:/program files (x86)/atmel/studio/7.0/toolchain/avr8/avr8-gnu-toolchain/bin/../lib/gcc/avr/5.4.0/avr5\libgcc.a(_udivmodsi4.o)
 .text.libgcc.mul
                0x00000000        0x0 c:/program files (x86)/atmel/studio/7.0/toolchain/avr8/avr8-gnu-toolchain/bin/../lib/gcc/avr/5.4.0/avr5\libgcc.a(_udivmodsi4.o)
 .text.libgcc.div
                0x00000000       0x44 c:/program files (x86)/atmel/studio/7.0/toolchain/avr8/avr8-gnu-toolchain/bin/../lib/gcc/avr/5.4.0/avr5\libgcc.a(_udivmodsi4.o)
 .text.libgcc   0x00000000        0x0 c:/program files (x86)/atmel/studio/7.0/toolchain/avr8/avr8-gnu-toolchain/bin/../lib/gcc/avr/5.4.0/avr5\libgcc.a(_udivmodsi4.o)
 .text.libgcc.prologue
                0x00000000        0x0 c:/program files (x86)/atmel/studio/7.0/toolchain/avr8/avr8-gnu-toolchain/bin/../lib/gcc/avr/5.4.0/avr5\libgcc.a(_udivmodsi4.o)
 .text.libgcc.builtins
                0x00000000        0x0 c:/program files (x86)/atmel/studio/7.0/toolchain/avr8/avr8-gnu-toolchain/bin/../lib/gcc/avr/5.4.0/avr5\libgcc.a(_udivmodsi4.o)
 .text.libgcc.fmul
                0x00000000        0x0 c:/program files (x86)/atmel/studio/7.0/toolchain/avr8/avr8-gnu-toolchain/bin/../lib/gcc/avr/5.4.0/avr5\libgcc.a(_udivmodsi4.o)
 .text.libgcc.fixed
                0x00000000        0x0 c:/program files (x86)/atmel/studio/7.0/toolchain/avr8/avr8-gnu-toolchain/bin/../lib/gcc/avr/5.4.0/avr5\libgcc.a(_udivmodsi4.o)
 .text          0x00000000        0x0 c:/program files (x86)/atmel/studio/7.0/toolchain/avr8/avr8-gnu-toolchain/bin/../lib/gcc/avr/5.4.0/../../../../avr/lib/avr5\libc.a(atoi.o)
 .data          0x00000000        0x0 c:/program files (x86)/atmel/studio/7.0/toolchain/avr8/avr8-gnu-toolchain/bin/../lib/gcc/avr/5.4.0/../../../../avr/lib/avr5\libc.a(atoi.o)
 .bss           0x00000000        0x0 c:/program files (x86)/atmel/studio/7.0/toolchain/avr8/avr8-gnu-toolchain/bin/../lib/gcc/avr/5.4.0/../../../../avr/lib/avr5\libc.a(atoi.o)
 .text          0x00000000        0x0 c:/program files (x86)/atmel/studio/7.0/toolchain/avr8/avr8-gnu-toolchain/bin/../lib/gcc/avr/5.4.0/../../../../avr/lib/avr5\libc.a(memcpy.o)
 .data          0x00000000        0x0 c:/program files (x86)/atmel/studio/7.0/toolchain/avr8/avr8-gnu-toolchain/bin/../lib/gcc/avr/5.4.0/../../../../avr/lib/avr5\libc.a(memcpy.o)
 .bss           0x00000000        0x0 c:/program files (x86)/atmel/studio/7.0/toolchain/avr8/avr8-gnu-toolchain/bin/../lib/gcc/avr/5.4.0/../../../../avr/lib/avr5\libc.a(memcpy.o)
 .text          0x00000000        0x0 c:/program files (x86)/atmel/studio/7.0/toolchain/avr8/avr8-gnu-toolchain/bin/../lib/gcc/avr/5.4.0/../../../../avr/lib/avr5\libc.a(itoa_ncheck.o)
 .data          0x00000000        0x0 c:/program files (x86)/atmel/studio/7.0/toolchain/avr8/avr8-gnu-toolchain/bin/../lib/gcc/avr/5.4.0/../../../../avr/lib/avr5\libc.a(itoa_ncheck.o)
 .bss           0x00000000        0x0 c:/program files (x86)/atmel/studio/7.0/toolchain/avr8/avr8-gnu-toolchain/bin/../lib/gcc/avr/5.4.0/../../../../avr/lib/avr5\libc.a(itoa_ncheck.o)
 .text          0x00000000        0x0 c:/program files (x86)/atmel/studio/7.0/toolchain/avr8/avr8-gnu-toolchain/bin/../lib/gcc/avr/5.4.0/../../../../avr/lib/avr5\libc.a(mul10.o)
 .data          0x00000000        0x0 c:/program files (x86)/atmel/studio/7.0/toolchain/avr8/avr8-gnu-toolchain/bin/../lib/gcc/avr/5.4.0/../../../../avr/lib/avr5\libc.a(mul10.o)
 .bss           0x00000000        0x0 c:/program files (x86)/atmel/studio/7.0/toolchain/avr8/avr8-gnu-toolchain/bin/../lib/gcc/avr/5.4.0/../../../../avr/lib/avr5\libc.a(mul10.o)
 .text          0x00000000        0x0 c:/program files (x86)/atmel/studio/7.0/toolchain/avr8/avr8-gnu-toolchain/bin/../lib/gcc/avr/5.4.0/../../../../avr/lib/avr5\libc.a(utoa_ncheck.o)
 .data          0x00000000        0x0 c:/program files (x86)/atmel/studio/7.0/toolchain/avr8/avr8-gnu-toolchain/bin/../lib/gcc/avr/5.4.0/../../../../avr/lib/avr5\libc.a(utoa_ncheck.o)
 .bss           0x00000000        0x0 c:/program files (x86)/atmel/studio/7.0/toolchain/avr8/avr8-gnu-toolchain/bin/../lib/gcc/avr/5.4.0/../../../../avr/lib/avr5\libc.a(utoa_ncheck.o)
 .text          0x00000000        0x0 c:/program files (x86)/atmel/studio/7.0/toolchain/avr8/avr8-gnu-toolchain/bin/../lib/gcc/avr/5.4.0/../../../../avr/lib/avr5\libc.a(strrev.o)
 .data          0x00000000        0x0 c:/program files (x86)/atmel/studio/7.0/toolchain/avr8/avr8-gnu-toolchain/bin/../lib/gcc/avr/5.4.0/../../../../avr/lib/avr5\libc.a(strrev.o)
 .bss           0x00000000        0x0 c:/program files (x86)/atmel/studio/7.0/toolchain/avr8/avr8-gnu-toolchain/bin/../lib/gcc/avr/5.4.0/../../../../avr/lib/avr5\libc.a(strrev.o)

Memory Configuration

Name             Origin             Length             Attributes
text             0x00000000         0x00020000         xr
data             0x00800060         0x0000ffa0         rw !x
eeprom           0x00810000         0x00010000         rw !x
fuse             0x00820000         0x00000002         rw !x
lock             0x00830000         0x00000400         rw !x
signature        0x00840000         0x00000400         rw !x
user_signatures  0x00850000         0x00000400         rw !x
*default*        0x00000000         0xffffffff

Linker script and memory map

LOAD C:/Program Files (x86)/Atmel/Studio/7.0/Packs/atmel/ATmega_DFP/1.2.132/gcc/dev/atmega32/avr5/crtatmega32.o
LOAD FreeRTOS/Src/croutine.o
LOAD FreeRTOS/Src/event_groups.o
LOAD FreeRTOS/Src/heap_1.o
LOAD FreeRTOS/Src/integer.o
LOAD FreeRTOS/Src/list.o
LOAD FreeRTOS/Src/PollQ.o
LOAD FreeRTOS/Src/port.o
LOAD FreeRTOS/Src/queue.o
LOAD FreeRTOS/Src/tasks.o
LOAD main.o
LOAD src/ECU/lcd.o
LOAD src/ECU/sensors.o
LOAD src/MCAL/adc.o
LOAD src/MCAL/uart.o
START GROUP
LOAD c:/program files (x86)/atmel/studio/7.0/toolchain/avr8/avr8-gnu-toolchain/bin/../lib/gcc/avr/5.4.0/../../../../avr/lib/avr5\libm.a
END GROUP
START GROUP
LOAD c:/program files (x86)/atmel/studio/7.0/toolchain/avr8/avr8-gnu-toolchain/bin/../lib/gcc/avr/5.4.0/avr5\libgcc.a
LOAD c:/program files (x86)/atmel/studio/7.0/toolchain/avr8/avr8-gnu-toolchain/bin/../lib/gcc/avr/5.4.0/../../../../avr/lib/avr5\libm.a
LOAD c:/program files (x86)/atmel/studio/7.0/toolchain/avr8/avr8-gnu-toolchain/bin/../lib/gcc/avr/5.4.0/../../../../avr/lib/avr5\libc.a
LOAD C:/Program Files (x86)/Atmel/Studio/7.0/Packs/atmel/ATmega_DFP/1.2.132/gcc/dev/atmega32/avr5\libatmega32.a
END GROUP
                0x00020000                __TEXT_REGION_LENGTH__ = DEFINED (__TEXT_REGION_LENGTH__)?__TEXT_REGION_LENGTH__:0x20000
                0x0000ffa0                __DATA_REGION_LENGTH__ = DEFINED (__DATA_REGION_LENGTH__)?__DATA_REGION_LENGTH__:0xffa0
                0x00010000                __EEPROM_REGION_LENGTH__ = DEFINED (__EEPROM_REGION_LENGTH__)?__EEPROM_REGION_LENGTH__:0x10000
                [0x00000002]                __FUSE_REGION_LENGTH__ = DEFINED (__FUSE_REGION_LENGTH__)?__FUSE_REGION_LENGTH__:0x400
                0x00000400                __LOCK_REGION_LENGTH__ = DEFINED (__LOCK_REGION_LENGTH__)?__LOCK_REGION_LENGTH__:0x400
                0x00000400                __SIGNATURE_REGION_LENGTH__ = DEFINED (__SIGNATURE_REGION_LENGTH__)?__SIGNATURE_REGION_LENGTH__:0x400
                0x00000400                __USER_SIGNATURE_REGION_LENGTH__ = DEFINED (__USER_SIGNATURE_REGION_LENGTH__)?__USER_SIGNATURE_REGION_LENGTH__:0x400

.hash
 *(.hash)

.dynsym
 *(.dynsym)

.dynstr
 *(.dynstr)

.gnu.version
 *(.gnu.version)

.gnu.version_d
 *(.gnu.version_d)

.gnu.version_r
 *(.gnu.version_r)

.rel.init
 *(.rel.init)

.rela.init
 *(.rela.init)

.rel.text
 *(.rel.text)
 *(.rel.text.*)
 *(.rel.gnu.linkonce.t*)

.rela.text
 *(.rela.text)
 *(.rela.text.*)
 *(.rela.gnu.linkonce.t*)

.rel.fini
 *(.rel.fini)

.rela.fini
 *(.rela.fini)

.rel.rodata
 *(.rel.rodata)
 *(.rel.rodata.*)
 *(.rel.gnu.linkonce.r*)

.rela.rodata
 *(.rela.rodata)
 *(.rela.rodata.*)
 *(.rela.gnu.linkonce.r*)

.rel.data
 *(.rel.data)
 *(.rel.data.*)
 *(.rel.gnu.linkonce.d*)

.rela.data
 *(.rela.data)
 *(.rela.data.*)
 *(.rela.gnu.linkonce.d*)

.rel.ctors
 *(.rel.ctors)

.rela.ctors
 *(.rela.ctors)

.rel.dtors
 *(.rel.dtors)

.rela.dtors
 *(.rela.dtors)

.rel.got
 *(.rel.got)

.rela.got
 *(.rela.got)

.rel.bss
 *(.rel.bss)

.rela.bss
 *(.rela.bss)

.rel.plt
 *(.rel.plt)

.rela.plt
 *(.rela.plt)

.text           0x00000000     0x23da
 *(.vectors)
 .vectors       0x00000000       0x54 C:/Program Files (x86)/Atmel/Studio/7.0/Packs/atmel/ATmega_DFP/1.2.132/gcc/dev/atmega32/avr5/crtatmega32.o
                0x00000000                __vector_default
                0x00000000                __vectors
 *(.vectors)
 *(.progmem.gcc*)
                0x00000054                . = ALIGN (0x2)
                0x00000054                __trampolines_start = .
 *(.trampolines)
 .trampolines   0x00000054        0x0 linker stubs
 *(.trampolines*)
                0x00000054                __trampolines_end = .
 *libprintf_flt.a:*(.progmem.data)
 *libc.a:*(.progmem.data)
 *(.progmem*)
                0x00000054                . = ALIGN (0x2)
 *(.jumptables)
 *(.jumptables*)
 *(.lowtext)
 *(.lowtext*)
                0x00000054                __ctors_start = .
 *(.ctors)
                0x00000054                __ctors_end = .
                0x00000054                __dtors_start = .
 *(.dtors)
                0x00000054                __dtors_end = .
 SORT(*)(.ctors)
 SORT(*)(.dtors)
 *(.init0)
 .init0         0x00000054        0x0 C:/Program Files (x86)/Atmel/Studio/7.0/Packs/atmel/ATmega_DFP/1.2.132/gcc/dev/atmega32/avr5/crtatmega32.o
                0x00000054                __init
 *(.init0)
 *(.init1)
 *(.init1)
 *(.init2)
 .init2         0x00000054        0xc C:/Program Files (x86)/Atmel/Studio/7.0/Packs/atmel/ATmega_DFP/1.2.132/gcc/dev/atmega32/avr5/crtatmega32.o
 *(.init2)
 *(.init3)
 *(.init3)
 *(.init4)
 .init4         0x00000060       0x16 c:/program files (x86)/atmel/studio/7.0/toolchain/avr8/avr8-gnu-toolchain/bin/../lib/gcc/avr/5.4.0/avr5\libgcc.a(_copy_data.o)
                0x00000060                __do_copy_data
 .init4         0x00000076       0x10 c:/program files (x86)/atmel/studio/7.0/toolchain/avr8/avr8-gnu-toolchain/bin/../lib/gcc/avr/5.4.0/avr5\libgcc.a(_clear_bss.o)
                0x00000076                __do_clear_bss
 *(.init4)
 *(.init5)
 *(.init5)
 *(.init6)
 *(.init6)
 *(.init7)
 *(.init7)
 *(.init8)
 *(.init8)
 *(.init9)
 .init9         0x00000086        0x8 C:/Program Files (x86)/Atmel/Studio/7.0/Packs/atmel/ATmega_DFP/1.2.132/gcc/dev/atmega32/avr5/crtatmega32.o
 *(.init9)
 *(.text)
 .text          0x0000008e        0x4 C:/Program Files (x86)/Atmel/Studio/7.0/Packs/atmel/ATmega_DFP/1.2.132/gcc/dev/atmega32/avr5/crtatmega32.o
                0x0000008e                __vector_1
                0x0000008e                __vector_12
                0x0000008e                __bad_interrupt
                0x0000008e                __vector_6
                0x0000008e                __vector_3
                0x0000008e                __vector_11
                0x0000008e                __vector_13
                0x0000008e                __vector_17
                0x0000008e                __vector_19
                0x0000008e                __vector_5
                0x0000008e                __vector_4
                0x0000008e                __vector_9
                0x0000008e                __vector_2
                0x0000008e                __vector_15
                0x0000008e                __vector_8
                0x0000008e                __vector_14
                0x0000008e                __vector_10
                0x0000008e                __vector_16
                0x0000008e                __vector_18
                0x0000008e                __vector_20
                0x00000092                . = ALIGN (0x2)
 *(.text.*)
 .text.xEventGroupCreate
                0x00000092       0x26 FreeRTOS/Src/event_groups.o
                0x00000092                xEventGroupCreate
 .text.xEventGroupWaitBits
                0x000000b8      0x110 FreeRTOS/Src/event_groups.o
                0x000000b8                xEventGroupWaitBits
 .text.xEventGroupClearBits
                0x000001c8       0x1e FreeRTOS/Src/event_groups.o
                0x000001c8                xEventGroupClearBits
 .text.xEventGroupSetBits
                0x000001e6       0xdc FreeRTOS/Src/event_groups.o
                0x000001e6                xEventGroupSetBits
 .text.pvPortMalloc
                0x000002c2       0x6a FreeRTOS/Src/heap_1.o
                0x000002c2                pvPortMalloc
 .text.vPortFree
                0x0000032c        0x2 FreeRTOS/Src/heap_1.o
                0x0000032c                vPortFree
 .text.vListInitialise
                0x0000032e       0x1c FreeRTOS/Src/list.o
                0x0000032e                vListInitialise
 .text.vListInitialiseItem
                0x0000034a        0x8 FreeRTOS/Src/list.o
                0x0000034a                vListInitialiseItem
 .text.vListInsertEnd
                0x00000352       0x42 FreeRTOS/Src/list.o
                0x00000352                vListInsertEnd
 .text.vListInsert
                0x00000394       0x62 FreeRTOS/Src/list.o
                0x00000394                vListInsert
 .text.uxListRemove
                0x000003f6       0x4c FreeRTOS/Src/list.o
                0x000003f6                uxListRemove
 .text.pxPortInitialiseStack
                0x00000442       0xd8 FreeRTOS/Src/port.o
                0x00000442                pxPortInitialiseStack
 .text.xPortStartScheduler
                0x0000051a       0x6a FreeRTOS/Src/port.o
                0x0000051a                xPortStartScheduler
 .text.vPortYield
                0x00000584       0xb2 FreeRTOS/Src/port.o
                0x00000584                vPortYield
 .text.vPortYieldFromTick
                0x00000636       0xb8 FreeRTOS/Src/port.o
                0x00000636                vPortYieldFromTick
 .text.__vector_7
                0x000006ee        0x6 FreeRTOS/Src/port.o
                0x000006ee                __vector_7
 .text.prvCopyDataToQueue
                0x000006f4       0x96 FreeRTOS/Src/queue.o
 .text.prvCopyDataFromQueue
                0x0000078a       0x34 FreeRTOS/Src/queue.o
 .text.prvUnlockQueue
                0x000007be       0x98 FreeRTOS/Src/queue.o
 .text.xQueueGenericReset
                0x00000856       0x7a FreeRTOS/Src/queue.o
                0x00000856                xQueueGenericReset
 .text.xQueueGenericCreate
                0x000008d0       0x5c FreeRTOS/Src/queue.o
                0x000008d0                xQueueGenericCreate
 .text.xQueueGenericSend
                0x0000092c      0x142 FreeRTOS/Src/queue.o
                0x0000092c                xQueueGenericSend
 .text.xQueueGenericReceive
                0x00000a6e      0x158 FreeRTOS/Src/queue.o
                0x00000a6e                xQueueGenericReceive
 .text.prvResetNextTaskUnblockTime
                0x00000bc6       0x3e FreeRTOS/Src/tasks.o
 .text.prvAddCurrentTaskToDelayedList
                0x00000c04       0x6e FreeRTOS/Src/tasks.o
 .text.xTaskGenericCreate
                0x00000c72      0x224 FreeRTOS/Src/tasks.o
                0x00000c72                xTaskGenericCreate
 .text.vTaskStartScheduler
                0x00000e96       0x56 FreeRTOS/Src/tasks.o
                0x00000e96                vTaskStartScheduler
 .text.vTaskSuspendAll
                0x00000eec        0xc FreeRTOS/Src/tasks.o
                0x00000eec                vTaskSuspendAll
 .text.xTaskIncrementTick
                0x00000ef8      0x17a FreeRTOS/Src/tasks.o
                0x00000ef8                xTaskIncrementTick
 .text.xTaskResumeAll
                0x00001072      0x104 FreeRTOS/Src/tasks.o
                0x00001072                xTaskResumeAll
 .text.vTaskDelay
                0x00001176       0x40 FreeRTOS/Src/tasks.o
                0x00001176                vTaskDelay
 .text.prvIdleTask
                0x000011b6       0x7a FreeRTOS/Src/tasks.o
 .text.vTaskSwitchContext
                0x00001230       0xda FreeRTOS/Src/tasks.o
                0x00001230                vTaskSwitchContext
 .text.vTaskPlaceOnEventList
                0x0000130a       0x3a FreeRTOS/Src/tasks.o
                0x0000130a                vTaskPlaceOnEventList
 .text.vTaskPlaceOnUnorderedEventList
                0x00001344       0x48 FreeRTOS/Src/tasks.o
                0x00001344                vTaskPlaceOnUnorderedEventList
 .text.xTaskRemoveFromEventList
                0x0000138c       0x90 FreeRTOS/Src/tasks.o
                0x0000138c                xTaskRemoveFromEventList
 .text.xTaskRemoveFromUnorderedEventList
                0x0000141c       0x74 FreeRTOS/Src/tasks.o
                0x0000141c                xTaskRemoveFromUnorderedEventList
 .text.vTaskSetTimeOutState
                0x00001490       0x16 FreeRTOS/Src/tasks.o
                0x00001490                vTaskSetTimeOutState
 .text.xTaskCheckForTimeOut
                0x000014a6       0x64 FreeRTOS/Src/tasks.o
                0x000014a6                xTaskCheckForTimeOut
 .text.vTaskMissedYield
                0x0000150a        0x8 FreeRTOS/Src/tasks.o
                0x0000150a                vTaskMissedYield
 .text.uxTaskResetEventItemValue
                0x00001512       0x2e FreeRTOS/Src/tasks.o
                0x00001512                uxTaskResetEventItemValue
 .text.T_Control
                0x00001540       0x66 main.o
                0x00001540                T_Control
 .text.T_SysCheck
                0x000015a6       0xdc main.o
                0x000015a6                T_SysCheck
 .text.T_Terminal
                0x00001682      0x27a main.o
                0x00001682                T_Terminal
 .text.T_Sensing
                0x000018fc       0x98 main.o
                0x000018fc                T_Sensing
 .text.T_Display
                0x00001994      0x3d4 main.o
                0x00001994                T_Display
 .text.System_Init
                0x00001d68       0x32 main.o
                0x00001d68                System_Init
 .text.main     0x00001d9a       0xce main.o
                0x00001d9a                main
 .text.LCD_sendCommand
                0x00001e68       0x3c src/ECU/lcd.o
                0x00001e68                LCD_sendCommand
 .text.LCD_init
                0x00001ea4       0x1e src/ECU/lcd.o
                0x00001ea4                LCD_init
 .text.LCD_displayCharacter
                0x00001ec2       0x3c src/ECU/lcd.o
                0x00001ec2                LCD_displayCharacter
 .text.LCD_displayString
                0x00001efe       0x2c src/ECU/lcd.o
                0x00001efe                LCD_displayString
 .text.LCD_goToRowColumn
                0x00001f2a       0x28 src/ECU/lcd.o
                0x00001f2a                LCD_goToRowColumn
 .text.LCD_intgerToString
                0x00001f52       0x34 src/ECU/lcd.o
                0x00001f52                LCD_intgerToString
 .text.LCD_clearScreen
                0x00001f86        0x8 src/ECU/lcd.o
                0x00001f86                LCD_clearScreen
 .text.TEMP_u16_Read
                0x00001f8e       0x48 src/ECU/sensors.o
                0x00001f8e                TEMP_u16_Read
 .text.Humit_u16_Read
                0x00001fd6       0x48 src/ECU/sensors.o
                0x00001fd6                Humit_u16_Read
 .text.ADC_init
                0x0000201e        0x8 src/MCAL/adc.o
                0x0000201e                ADC_init
 .text.ADC_readChannel
                0x00002026       0x1c src/MCAL/adc.o
                0x00002026                ADC_readChannel
 .text.UART_init
                0x00002042       0x14 src/MCAL/uart.o
                0x00002042                UART_init
 .text.UART_sendByte
                0x00002056        0x8 src/MCAL/uart.o
                0x00002056                UART_sendByte
 .text.UART_receiveByte_NonBlocking
                0x0000205e       0x12 src/MCAL/uart.o
                0x0000205e                UART_receiveByte_NonBlocking
 .text.UART_sendString
                0x00002070       0x2c src/MCAL/uart.o
                0x00002070                UART_sendString
 .text.avr-libc.fplib
                0x0000209c       0x5e c:/program files (x86)/atmel/studio/7.0/toolchain/avr8/avr8-gnu-toolchain/bin/../lib/gcc/avr/5.4.0/../../../../avr/lib/avr5\libm.a(fixunssfsi.o)
                0x0000209c                __fixunssfsi
 .text.avr-libc.fplib
                0x000020fa       0x7a c:/program files (x86)/atmel/studio/7.0/toolchain/avr8/avr8-gnu-toolchain/bin/../lib/gcc/avr/5.4.0/../../../../avr/lib/avr5\libm.a(floatsisf.o)
                0x000020fa                __floatunsisf
                0x000020fe                __floatsisf
 .text.avr-libc.fplib
                0x00002174       0x44 c:/program files (x86)/atmel/studio/7.0/toolchain/avr8/avr8-gnu-toolchain/bin/../lib/gcc/avr/5.4.0/../../../../avr/lib/avr5\libm.a(fp_split3.o)
                0x00002174                __fp_split3
                0x00002184                __fp_splitA
 .text.avr-libc.fplib
                0x000021b8        0xe c:/program files (x86)/atmel/studio/7.0/toolchain/avr8/avr8-gnu-toolchain/bin/../lib/gcc/avr/5.4.0/../../../../avr/lib/avr5\libm.a(fp_zero.o)
                0x000021b8                __fp_zero
                0x000021ba                __fp_szero
 .text.avr-libc.fplib
                0x000021c6        0x8 c:/program files (x86)/atmel/studio/7.0/toolchain/avr8/avr8-gnu-toolchain/bin/../lib/gcc/avr/5.4.0/../../../../avr/lib/avr5\libm.a(mulsf3.o)
                0x000021c6                __mulsf3
 .text.avr-libc.fplib
                0x000021ce       0xd2 c:/program files (x86)/atmel/studio/7.0/toolchain/avr8/avr8-gnu-toolchain/bin/../lib/gcc/avr/5.4.0/../../../../avr/lib/avr5\libm.a(mulsf3x.o)
                0x000021ec                __mulsf3x
                0x000021f2                __mulsf3_pse
 .text.avr-libc.fplib
                0x000022a0        0xc c:/program files (x86)/atmel/studio/7.0/toolchain/avr8/avr8-gnu-toolchain/bin/../lib/gcc/avr/5.4.0/../../../../avr/lib/avr5\libm.a(fp_inf.o)
                0x000022a0                __fp_inf
 .text.avr-libc.fplib
                0x000022ac        0x6 c:/program files (x86)/atmel/studio/7.0/toolchain/avr8/avr8-gnu-toolchain/bin/../lib/gcc/avr/5.4.0/../../../../avr/lib/avr5\libm.a(fp_nan.o)
                0x000022ac                __fp_nan
 .text.avr-libc.fplib
                0x000022b2        0xe c:/program files (x86)/atmel/studio/7.0/toolchain/avr8/avr8-gnu-toolchain/bin/../lib/gcc/avr/5.4.0/../../../../avr/lib/avr5\libm.a(fp_pscA.o)
                0x000022b2                __fp_pscA
 .text.avr-libc.fplib
                0x000022c0        0xe c:/program files (x86)/atmel/studio/7.0/toolchain/avr8/avr8-gnu-toolchain/bin/../lib/gcc/avr/5.4.0/../../../../avr/lib/avr5\libm.a(fp_pscB.o)
                0x000022c0                __fp_pscB
 .text.avr-libc.fplib
                0x000022ce       0x22 c:/program files (x86)/atmel/studio/7.0/toolchain/avr8/avr8-gnu-toolchain/bin/../lib/gcc/avr/5.4.0/../../../../avr/lib/avr5\libm.a(fp_round.o)
                0x000022ce                __fp_round
 .text.libgcc.mul
                0x000022f0       0x1e c:/program files (x86)/atmel/studio/7.0/toolchain/avr8/avr8-gnu-toolchain/bin/../lib/gcc/avr/5.4.0/avr5\libgcc.a(_umulhisi3.o)
                0x000022f0                __umulhisi3
 .text.avr-libc
                0x0000230e       0x3c c:/program files (x86)/atmel/studio/7.0/toolchain/avr8/avr8-gnu-toolchain/bin/../lib/gcc/avr/5.4.0/../../../../avr/lib/avr5\libc.a(atoi.o)
                0x0000230e                atoi
 .text.avr-libc
                0x0000234a       0x12 c:/program files (x86)/atmel/studio/7.0/toolchain/avr8/avr8-gnu-toolchain/bin/../lib/gcc/avr/5.4.0/../../../../avr/lib/avr5\libc.a(memcpy.o)
                0x0000234a                memcpy
 .text.avr-libc
                0x0000235c       0x16 c:/program files (x86)/atmel/studio/7.0/toolchain/avr8/avr8-gnu-toolchain/bin/../lib/gcc/avr/5.4.0/../../../../avr/lib/avr5\libc.a(itoa_ncheck.o)
                0x0000235c                __itoa_ncheck
 .text.avr-libc
                0x00002372       0x10 c:/program files (x86)/atmel/studio/7.0/toolchain/avr8/avr8-gnu-toolchain/bin/../lib/gcc/avr/5.4.0/../../../../avr/lib/avr5\libc.a(mul10.o)
                0x00002372                __mulhi_const_10
 .text.avr-libc
                0x00002382       0x34 c:/program files (x86)/atmel/studio/7.0/toolchain/avr8/avr8-gnu-toolchain/bin/../lib/gcc/avr/5.4.0/../../../../avr/lib/avr5\libc.a(utoa_ncheck.o)
                0x00002382                __utoa_ncheck
                0x00002384                __utoa_common
 .text.avr-libc
                0x000023b6       0x20 c:/program files (x86)/atmel/studio/7.0/toolchain/avr8/avr8-gnu-toolchain/bin/../lib/gcc/avr/5.4.0/../../../../avr/lib/avr5\libc.a(strrev.o)
                0x000023b6                strrev
                0x000023d6                . = ALIGN (0x2)
 *(.fini9)
 .fini9         0x000023d6        0x0 c:/program files (x86)/atmel/studio/7.0/toolchain/avr8/avr8-gnu-toolchain/bin/../lib/gcc/avr/5.4.0/avr5\libgcc.a(_exit.o)
                0x000023d6                _exit
                0x000023d6                exit
 *(.fini9)
 *(.fini8)
 *(.fini8)
 *(.fini7)
 *(.fini7)
 *(.fini6)
 *(.fini6)
 *(.fini5)
 *(.fini5)
 *(.fini4)
 *(.fini4)
 *(.fini3)
 *(.fini3)
 *(.fini2)
 *(.fini2)
 *(.fini1)
 *(.fini1)
 *(.fini0)
 .fini0         0x000023d6        0x4 c:/program files (x86)/atmel/studio/7.0/toolchain/avr8/avr8-gnu-toolchain/bin/../lib/gcc/avr/5.4.0/avr5\libgcc.a(_exit.o)
 *(.fini0)
                0x000023da                _etext = .

.data           0x00800060       0xb2 load address 0x000023da
                0x00800060                PROVIDE (__data_start, .)
 *(.data)
 *(.data*)
 .data.xNextTaskUnblockTime
                0x00800060        0x2 FreeRTOS/Src/tasks.o
 *(.rodata)
 *(.rodata*)
 .rodata.str1.1
                0x00800062        0x5 FreeRTOS/Src/tasks.o
 .rodata.str1.1
                0x00800067       0xab main.o
                                 0xaf (size before relaxing)
 *(.gnu.linkonce.d*)
                0x00800112                . = ALIGN (0x2)
                0x00800112                _edata = .
                0x00800112                PROVIDE (__data_end, .)

.bss            0x00800112      0x544
                0x00800112                PROVIDE (__bss_start, .)
 *(.bss)
 *(.bss*)
 .bss.pucAlignedHeap.1980
                0x00800112        0x2 FreeRTOS/Src/heap_1.o
 .bss.xNextFreeByte
                0x00800114        0x2 FreeRTOS/Src/heap_1.o
 .bss.ucHeap    0x00800116      0x4b0 FreeRTOS/Src/heap_1.o
 .bss.uxSchedulerSuspended
                0x008005c6        0x1 FreeRTOS/Src/tasks.o
 .bss.uxTaskNumber
                0x008005c7        0x1 FreeRTOS/Src/tasks.o
 .bss.xNumOfOverflows
                0x008005c8        0x1 FreeRTOS/Src/tasks.o
 .bss.xYieldPending
                0x008005c9        0x1 FreeRTOS/Src/tasks.o
 .bss.uxPendedTicks
                0x008005ca        0x1 FreeRTOS/Src/tasks.o
 .bss.xSchedulerRunning
                0x008005cb        0x1 FreeRTOS/Src/tasks.o
 .bss.uxTopReadyPriority
                0x008005cc        0x1 FreeRTOS/Src/tasks.o
 .bss.xTickCount
                0x008005cd        0x2 FreeRTOS/Src/tasks.o
 .bss.uxCurrentNumberOfTasks
                0x008005cf        0x1 FreeRTOS/Src/tasks.o
 .bss.uxTasksDeleted
                0x008005d0        0x1 FreeRTOS/Src/tasks.o
 .bss.xTasksWaitingTermination
                0x008005d1        0x9 FreeRTOS/Src/tasks.o
 .bss.xPendingReadyList
                0x008005da        0x9 FreeRTOS/Src/tasks.o
 .bss.pxOverflowDelayedTaskList
                0x008005e3        0x2 FreeRTOS/Src/tasks.o
 .bss.pxDelayedTaskList
                0x008005e5        0x2 FreeRTOS/Src/tasks.o
 .bss.xDelayedTaskList2
                0x008005e7        0x9 FreeRTOS/Src/tasks.o
 .bss.xDelayedTaskList1
                0x008005f0        0x9 FreeRTOS/Src/tasks.o
 .bss.pxReadyTasksLists
                0x008005f9       0x48 FreeRTOS/Src/tasks.o
 .bss.pxCurrentTCB
                0x00800641        0x2 FreeRTOS/Src/tasks.o
                0x00800641                pxCurrentTCB
 .bss.ReceivingState.2521
                0x00800643        0x1 main.o
 .bss.egDisplay
                0x00800644        0x2 main.o
                0x00800644                egDisplay
 .bss.egControl
                0x00800646        0x2 main.o
                0x00800646                egControl
 *(COMMON)
 COMMON         0x00800648        0xe main.o
                0x00800648                bsCheck
                0x0080064a                SFS
                0x0080064f                ebDisplayBits
                0x00800651                Motors_State
                0x00800654                ebControlBits
                0x00800656                PROVIDE (__bss_end, .)
                0x000023da                __data_load_start = LOADADDR (.data)
                0x0000248c                __data_load_end = (__data_load_start + SIZEOF (.data))

.noinit         0x00800656        0x0
                [!provide]                PROVIDE (__noinit_start, .)
 *(.noinit*)
                [!provide]                PROVIDE (__noinit_end, .)
                0x00800656                _end = .
                [!provide]                PROVIDE (__heap_start, .)

.eeprom         0x00810000        0x0
 *(.eeprom*)
                0x00810000                __eeprom_end = .

.fuse
 *(.fuse)
 *(.lfuse)
 *(.hfuse)
 *(.efuse)

.lock
 *(.lock*)

.signature
 *(.signature*)

.user_signatures
 *(.user_signatures*)

.stab
 *(.stab)

.stabstr
 *(.stabstr)

.stab.excl
 *(.stab.excl)

.stab.exclstr
 *(.stab.exclstr)

.stab.index
 *(.stab.index)

.stab.indexstr
 *(.stab.indexstr)

.comment        0x00000000       0x30
 *(.comment)
 .comment       0x00000000       0x30 FreeRTOS/Src/event_groups.o
                                 0x31 (size before relaxing)
 .comment       0x00000030       0x31 FreeRTOS/Src/heap_1.o
 .comment       0x00000030       0x31 FreeRTOS/Src/list.o
 .comment       0x00000030       0x31 FreeRTOS/Src/port.o
 .comment       0x00000030       0x31 FreeRTOS/Src/queue.o
 .comment       0x00000030       0x31 FreeRTOS/Src/tasks.o
 .comment       0x00000030       0x31 main.o
 .comment       0x00000030       0x31 src/ECU/lcd.o
 .comment       0x00000030       0x31 src/ECU/sensors.o
 .comment       0x00000030       0x31 src/MCAL/adc.o
 .comment       0x00000030       0x31 src/MCAL/uart.o

.note.gnu.avr.deviceinfo
                0x00000000       0x3c
 .note.gnu.avr.deviceinfo
                0x00000000       0x3c C:/Program Files (x86)/Atmel/Studio/7.0/Packs/atmel/ATmega_DFP/1.2.132/gcc/dev/atmega32/avr5/crtatmega32.o

.note.gnu.build-id
 *(.note.gnu.build-id)

.debug
 *(.debug)

.line
 *(.line)

.debug_srcinfo
 *(.debug_srcinfo)

.debug_sfnames
 *(.debug_sfnames)

.debug_aranges  0x00000000      0x3e8
 *(.debug_aranges)
 .debug_aranges
                0x00000000       0x60 FreeRTOS/Src/event_groups.o
 .debug_aranges
                0x00000060       0x38 FreeRTOS/Src/heap_1.o
 .debug_aranges
                0x00000098       0x40 FreeRTOS/Src/list.o
 .debug_aranges
                0x000000d8       0x48 FreeRTOS/Src/port.o
 .debug_aranges
                0x00000120       0xb8 FreeRTOS/Src/queue.o
 .debug_aranges
                0x000001d8       0xd0 FreeRTOS/Src/tasks.o
 .debug_aranges
                0x000002a8       0x50 main.o
 .debug_aranges
                0x000002f8       0x58 src/ECU/lcd.o
 .debug_aranges
                0x00000350       0x28 src/ECU/sensors.o
 .debug_aranges
                0x00000378       0x28 src/MCAL/adc.o
 .debug_aranges
                0x000003a0       0x48 src/MCAL/uart.o

.debug_pubnames
 *(.debug_pubnames)

.debug_info     0x00000000     0x56e0
 *(.debug_info .gnu.linkonce.wi.*)
 .debug_info    0x00000000      0x4e6 C:/Program Files (x86)/Atmel/Studio/7.0/Packs/atmel/ATmega_DFP/1.2.132/gcc/dev/atmega32/avr5/crtatmega32.o
 .debug_info    0x000004e6      0x8ef FreeRTOS/Src/event_groups.o
 .debug_info    0x00000dd5      0x1a4 FreeRTOS/Src/heap_1.o
 .debug_info    0x00000f79      0x2c6 FreeRTOS/Src/list.o
 .debug_info    0x0000123f      0x263 FreeRTOS/Src/port.o
 .debug_info    0x000014a2     0x11a8 FreeRTOS/Src/queue.o
 .debug_info    0x0000264a     0x120a FreeRTOS/Src/tasks.o
 .debug_info    0x00003854     0x148c main.o
 .debug_info    0x00004ce0      0x5c8 src/ECU/lcd.o
 .debug_info    0x000052a8      0x15e src/ECU/sensors.o
 .debug_info    0x00005406       0xea src/MCAL/adc.o
 .debug_info    0x000054f0      0x1f0 src/MCAL/uart.o

.debug_abbrev   0x00000000     0x158c
 *(.debug_abbrev)
 .debug_abbrev  0x00000000      0x4a3 C:/Program Files (x86)/Atmel/Studio/7.0/Packs/atmel/ATmega_DFP/1.2.132/gcc/dev/atmega32/avr5/crtatmega32.o
 .debug_abbrev  0x000004a3      0x205 FreeRTOS/Src/event_groups.o
 .debug_abbrev  0x000006a8      0x11c FreeRTOS/Src/heap_1.o
 .debug_abbrev  0x000007c4       0xf8 FreeRTOS/Src/list.o
 .debug_abbrev  0x000008bc      0x155 FreeRTOS/Src/port.o
 .debug_abbrev  0x00000a11      0x260 FreeRTOS/Src/queue.o
 .debug_abbrev  0x00000c71      0x2e4 FreeRTOS/Src/tasks.o
 .debug_abbrev  0x00000f55      0x1dc main.o
 .debug_abbrev  0x00001131      0x1fa src/ECU/lcd.o
 .debug_abbrev  0x0000132b       0xbd src/ECU/sensors.o
 .debug_abbrev  0x000013e8       0x7a src/MCAL/adc.o
 .debug_abbrev  0x00001462      0x12a src/MCAL/uart.o

.debug_line     0x00000000     0x2bd9
 *(.debug_line .debug_line.* .debug_line_end)
 .debug_line    0x00000000      0x115 C:/Program Files (x86)/Atmel/Studio/7.0/Packs/atmel/ATmega_DFP/1.2.132/gcc/dev/atmega32/avr5/crtatmega32.o
 .debug_line    0x00000115      0x3b1 FreeRTOS/Src/event_groups.o
 .debug_line    0x000004c6      0x1ba FreeRTOS/Src/heap_1.o
 .debug_line    0x00000680      0x1e6 FreeRTOS/Src/list.o
 .debug_line    0x00000866      0x2a3 FreeRTOS/Src/port.o
 .debug_line    0x00000b09      0x969 FreeRTOS/Src/queue.o
 .debug_line    0x00001472      0x8fb FreeRTOS/Src/tasks.o
 .debug_line    0x00001d6d      0x826 main.o
 .debug_line    0x00002593      0x2dd src/ECU/lcd.o
 .debug_line    0x00002870       0xa6 src/ECU/sensors.o
 .debug_line    0x00002916      0x108 src/MCAL/adc.o
 .debug_line    0x00002a1e      0x1bb src/MCAL/uart.o

.debug_frame    0x00000000      0xab4
 *(.debug_frame)
 .debug_frame   0x00000000      0x158 FreeRTOS/Src/event_groups.o
 .debug_frame   0x00000158       0x60 FreeRTOS/Src/heap_1.o
 .debug_frame   0x000001b8       0x88 FreeRTOS/Src/list.o
 .debug_frame   0x00000240       0x74 FreeRTOS/Src/port.o
 .debug_frame   0x000002b4      0x29c FreeRTOS/Src/queue.o
 .debug_frame   0x00000550      0x2bc FreeRTOS/Src/tasks.o
 .debug_frame   0x0000080c       0xc8 main.o
 .debug_frame   0x000008d4       0xc0 src/ECU/lcd.o
 .debug_frame   0x00000994       0x4c src/ECU/sensors.o
 .debug_frame   0x000009e0       0x34 src/MCAL/adc.o
 .debug_frame   0x00000a14       0xa0 src/MCAL/uart.o

.debug_str      0x00000000     0x15f1
 *(.debug_str)
 .debug_str     0x00000000      0x196 C:/Program Files (x86)/Atmel/Studio/7.0/Packs/atmel/ATmega_DFP/1.2.132/gcc/dev/atmega32/avr5/crtatmega32.o
 .debug_str     0x00000196      0x52e FreeRTOS/Src/event_groups.o
                                0x5a8 (size before relaxing)
 .debug_str     0x000006c4       0x8c FreeRTOS/Src/heap_1.o
                                0x23e (size before relaxing)
 .debug_str     0x00000750       0x94 FreeRTOS/Src/list.o
                                0x2c4 (size before relaxing)
 .debug_str     0x000007e4      0x118 FreeRTOS/Src/port.o
                                0x2c6 (size before relaxing)
 .debug_str     0x000008fc      0x467 FreeRTOS/Src/queue.o
                                0x74f (size before relaxing)
 .debug_str     0x00000d63      0x465 FreeRTOS/Src/tasks.o
                                0x91f (size before relaxing)
 .debug_str     0x000011c8      0x2d1 main.o
                                0x50c (size before relaxing)
 .debug_str     0x00001499       0xac src/ECU/lcd.o
                                0x2d2 (size before relaxing)
 .debug_str     0x00001545       0x49 src/ECU/sensors.o
                                0x208 (size before relaxing)
 .debug_str     0x0000158e       0x1e src/MCAL/adc.o
                                0x1e4 (size before relaxing)
 .debug_str     0x000015ac       0x45 src/MCAL/uart.o
                                0x244 (size before relaxing)

.debug_loc      0x00000000     0x4002
 *(.debug_loc)
 .debug_loc     0x00000000      0xb40 FreeRTOS/Src/event_groups.o
 .debug_loc     0x00000b40       0xf1 FreeRTOS/Src/heap_1.o
 .debug_loc     0x00000c31      0x145 FreeRTOS/Src/list.o
 .debug_loc     0x00000d76      0x2a0 FreeRTOS/Src/port.o
 .debug_loc     0x00001016     0x1798 FreeRTOS/Src/queue.o
 .debug_loc     0x000027ae      0xdc5 FreeRTOS/Src/tasks.o
 .debug_loc     0x00003573      0x238 main.o
 .debug_loc     0x000037ab      0x562 src/ECU/lcd.o
 .debug_loc     0x00003d0d      0x11a src/ECU/sensors.o
 .debug_loc     0x00003e27       0x3d src/MCAL/adc.o
 .debug_loc     0x00003e64      0x19e src/MCAL/uart.o

.debug_macinfo
 *(.debug_macinfo)

.debug_weaknames
 *(.debug_weaknames)

.debug_funcnames
 *(.debug_funcnames)

.debug_typenames
 *(.debug_typenames)

.debug_varnames
 *(.debug_varnames)

.debug_pubtypes
 *(.debug_pubtypes)

.debug_ranges   0x00000000      0x398
 *(.debug_ranges)
 .debug_ranges  0x00000000       0x68 FreeRTOS/Src/event_groups.o
 .debug_ranges  0x00000068       0x28 FreeRTOS/Src/heap_1.o
 .debug_ranges  0x00000090       0x30 FreeRTOS/Src/list.o
 .debug_ranges  0x000000c0       0x38 FreeRTOS/Src/port.o
 .debug_ranges  0x000000f8       0xa8 FreeRTOS/Src/queue.o
 .debug_ranges  0x000001a0      0x108 FreeRTOS/Src/tasks.o
 .debug_ranges  0x000002a8       0x40 main.o
 .debug_ranges  0x000002e8       0x48 src/ECU/lcd.o
 .debug_ranges  0x00000330       0x18 src/ECU/sensors.o
 .debug_ranges  0x00000348       0x18 src/MCAL/adc.o
 .debug_ranges  0x00000360       0x38 src/MCAL/uart.o

.debug_macro
 *(.debug_macro)
OUTPUT(Smart Farming System.elf elf32-avr)
LOAD linker stubs
